// Jest Snapshot v1, https://goo.gl/fbAQLP

exports[`GameContainer gameContainer Component Should match the snapshot 1`] = `undefined`;
